// Jest Snapshot v1, https://goo.gl/fbAQLP

exports[`Calender Month component should render correctly 1`] = `
<div
  className="calendarContainer"
>
  <div
    className="monthLabel"
  >
    March
  </div>
  <div
    className="calendar"
  >
    <div
      key="Su"
    >
      Su
    </div>
    <div
      key="Mo"
    >
      Mo
    </div>
    <div
      key="Tu"
    >
      Tu
    </div>
    <div
      key="We"
    >
      We
    </div>
    <div
      key="Th"
    >
      Th
    </div>
    <div
      key="Fr"
    >
      Fr
    </div>
    <div
      key="Sa"
    >
      Sa
    </div>
    <Day
      day="2020-03-01T00:00:00-08:00"
      dayOfMonth={0}
      key="2020-03-01T00:00:00-08:00"
      status="available"
    />
    <Day
      day="2020-03-02T00:00:00-08:00"
      dayOfMonth={1}
      key="2020-03-02T00:00:00-08:00"
      status="available"
    />
    <Day
      day="2020-03-03T00:00:00-08:00"
      dayOfMonth={2}
      key="2020-03-03T00:00:00-08:00"
      status="available"
    />
    <Day
      day="2020-03-04T00:00:00-08:00"
      dayOfMonth={3}
      key="2020-03-04T00:00:00-08:00"
      status="available"
    />
    <Day
      day="2020-03-05T00:00:00-08:00"
      dayOfMonth={4}
      key="2020-03-05T00:00:00-08:00"
      status="available"
    />
    <Day
      day="2020-03-06T00:00:00-08:00"
      dayOfMonth={5}
      key="2020-03-06T00:00:00-08:00"
      status="available"
    />
    <Day
      day="2020-03-07T00:00:00-08:00"
      dayOfMonth={6}
      key="2020-03-07T00:00:00-08:00"
      status="available"
    />
    <Day
      day="2020-03-08T00:00:00-08:00"
      dayOfMonth={7}
      key="2020-03-08T00:00:00-08:00"
      status="available"
    />
    <Day
      day="2020-03-09T00:00:00-07:00"
      dayOfMonth={8}
      key="2020-03-09T00:00:00-07:00"
      status="available"
    />
    <Day
      day="2020-03-10T00:00:00-07:00"
      dayOfMonth={9}
      key="2020-03-10T00:00:00-07:00"
      status="available"
    />
    <Day
      day="2020-03-11T00:00:00-07:00"
      dayOfMonth={10}
      key="2020-03-11T00:00:00-07:00"
      status="available"
    />
    <Day
      day="2020-03-12T00:00:00-07:00"
      dayOfMonth={11}
      key="2020-03-12T00:00:00-07:00"
      status="available"
    />
    <Day
      day="2020-03-13T00:00:00-07:00"
      dayOfMonth={12}
      key="2020-03-13T00:00:00-07:00"
      status="available"
    />
    <Day
      day="2020-03-14T00:00:00-07:00"
      dayOfMonth={13}
      key="2020-03-14T00:00:00-07:00"
      status="available"
    />
    <Day
      day="2020-03-15T00:00:00-07:00"
      dayOfMonth={14}
      key="2020-03-15T00:00:00-07:00"
      status="available"
    />
    <Day
      day="2020-03-16T00:00:00-07:00"
      dayOfMonth={15}
      key="2020-03-16T00:00:00-07:00"
      status="available"
    />
    <Day
      day="2020-03-17T00:00:00-07:00"
      dayOfMonth={16}
      key="2020-03-17T00:00:00-07:00"
      status="available"
    />
    <Day
      day="2020-03-18T00:00:00-07:00"
      dayOfMonth={17}
      key="2020-03-18T00:00:00-07:00"
      status="available"
    />
    <Day
      day="2020-03-19T00:00:00-07:00"
      dayOfMonth={18}
      key="2020-03-19T00:00:00-07:00"
      status="available"
    />
    <Day
      day="2020-03-20T00:00:00-07:00"
      dayOfMonth={19}
      key="2020-03-20T00:00:00-07:00"
      status="available"
    />
    <Day
      day="2020-03-21T00:00:00-07:00"
      dayOfMonth={20}
      key="2020-03-21T00:00:00-07:00"
      status="available"
    />
    <Day
      day="2020-03-22T00:00:00-07:00"
      dayOfMonth={21}
      key="2020-03-22T00:00:00-07:00"
      status="available"
    />
    <Day
      day="2020-03-23T00:00:00-07:00"
      dayOfMonth={22}
      key="2020-03-23T00:00:00-07:00"
      status="available"
    />
    <Day
      day="2020-03-24T00:00:00-07:00"
      dayOfMonth={23}
      key="2020-03-24T00:00:00-07:00"
      status="available"
    />
    <Day
      day="2020-03-25T00:00:00-07:00"
      dayOfMonth={24}
      key="2020-03-25T00:00:00-07:00"
      status="available"
    />
    <Day
      day="2020-03-26T00:00:00-07:00"
      dayOfMonth={25}
      key="2020-03-26T00:00:00-07:00"
      status="available"
    />
    <Day
      day="2020-03-27T00:00:00-07:00"
      dayOfMonth={26}
      key="2020-03-27T00:00:00-07:00"
      status="available"
    />
    <Day
      day="2020-03-28T00:00:00-07:00"
      dayOfMonth={27}
      key="2020-03-28T00:00:00-07:00"
      status="available"
    />
    <Day
      day="2020-03-29T00:00:00-07:00"
      dayOfMonth={28}
      key="2020-03-29T00:00:00-07:00"
      status="available"
    />
    <Day
      day="2020-03-30T00:00:00-07:00"
      dayOfMonth={29}
      key="2020-03-30T00:00:00-07:00"
      status="available"
    />
    <Day
      day="2020-03-31T00:00:00-07:00"
      dayOfMonth={30}
      key="2020-03-31T00:00:00-07:00"
      status="available"
    />
  </div>
</div>
`;
